From https://github.com/fiso64/gooru
 * branch              develop    -> FETCH_HEAD
Merge made by the 'ort' strategy.
 docs/openapi.yaml                                  | 32 ++++++++++++
 frontend/src/app.css                               |  6 +++
 frontend/src/lib/api/operations.ts                 | 11 ++++
 frontend/src/lib/components/AuthPanel.svelte       | 16 ++----
 .../lib/components/CancelActiveJobsButton.svelte   | 55 ++++++++++++++++++++
 frontend/src/lib/components/JobsDrawer.svelte      |  7 +--
 frontend/src/lib/components/JobsView.svelte        | 16 +++++-
 frontend/src/lib/components/UploadPanel.svelte     | 23 ++++-----
 frontend/src/lib/queries/jobs.ts                   | 15 ++++++
 frontend/tests/upload-concurrency.spec.ts          |  3 +-
 gooru/background_active.go                         |  8 +++
 internal/database/durable_work_active.go           | 38 ++++++++++++++
 internal/serve/background_operation_cancel_all.go  | 50 +++++++++++++++++++
 .../serve/background_operation_cancel_all_test.go  | 58 ++++++++++++++++++++++
 internal/serve/server.go                           |  1 +
 15 files changed, 307 insertions(+), 32 deletions(-)
 create mode 100644 frontend/src/lib/components/CancelActiveJobsButton.svelte
 create mode 100644 gooru/background_active.go
 create mode 100644 internal/database/durable_work_active.go
 create mode 100644 internal/serve/background_operation_cancel_all.go
 create mode 100644 internal/serve/background_operation_cancel_all_test.go
